[2026-04-18T12:50:57.825+0000] {manager.py:469} INFO - Processing files using up to 2 processes at a time 
[2026-04-18T12:50:57.826+0000] {manager.py:470} INFO - Process each file at most once every 30 seconds
[2026-04-18T12:50:57.826+0000] {manager.py:471} INFO - Checking for new files in /opt/airflow/dags every 300 seconds
[2026-04-18T12:50:57.827+0000] {manager.py:738} INFO - Searching for files in /opt/airflow/dags
[2026-04-18T12:50:57.842+0000] {manager.py:741} INFO - There are 1 files in /opt/airflow/dags
[2026-04-18T12:50:57.892+0000] {manager.py:879} INFO - 
================================================================================
DAG File Processing Stats

File Path                                  PID  Runtime      # DAGs    # Errors  Last Runtime    Last Run
---------------------------------------  -----  ---------  --------  ----------  --------------  ----------
/opt/airflow/dags/churn_pipeline_dag.py    182  0.02s             0           0
================================================================================
[2026-04-18T12:51:30.732+0000] {manager.py:879} INFO - 
================================================================================
DAG File Processing Stats

File Path                                PID    Runtime      # DAGs    # Errors  Last Runtime    Last Run
---------------------------------------  -----  ---------  --------  ----------  --------------  -------------------
/opt/airflow/dags/churn_pipeline_dag.py                           1           0  0.09s           2026-04-18T12:51:28
================================================================================
[2026-04-18T12:52:03.576+0000] {manager.py:879} INFO - 
================================================================================
DAG File Processing Stats

File Path                                PID    Runtime      # DAGs    # Errors  Last Runtime    Last Run
---------------------------------------  -----  ---------  --------  ----------  --------------  -------------------
/opt/airflow/dags/churn_pipeline_dag.py                           1           0  0.07s           2026-04-18T12:51:59
================================================================================
[2026-04-18T12:52:36.455+0000] {manager.py:879} INFO - 
================================================================================
DAG File Processing Stats

File Path                                PID    Runtime      # DAGs    # Errors  Last Runtime    Last Run
---------------------------------------  -----  ---------  --------  ----------  --------------  -------------------
/opt/airflow/dags/churn_pipeline_dag.py                           1           0  0.07s           2026-04-18T12:52:30
================================================================================
[2026-04-18T12:53:09.352+0000] {manager.py:879} INFO - 
================================================================================
DAG File Processing Stats

File Path                                PID    Runtime      # DAGs    # Errors  Last Runtime    Last Run
---------------------------------------  -----  ---------  --------  ----------  --------------  -------------------
/opt/airflow/dags/churn_pipeline_dag.py                           1           0  0.07s           2026-04-18T12:53:02
================================================================================
[2026-04-18T12:53:42.253+0000] {manager.py:879} INFO - 
================================================================================
DAG File Processing Stats

File Path                                PID    Runtime      # DAGs    # Errors  Last Runtime    Last Run
---------------------------------------  -----  ---------  --------  ----------  --------------  -------------------
/opt/airflow/dags/churn_pipeline_dag.py                           1           0  0.08s           2026-04-18T12:53:35
================================================================================
[2026-04-18T12:54:15.140+0000] {manager.py:879} INFO - 
================================================================================
DAG File Processing Stats

File Path                                PID    Runtime      # DAGs    # Errors  Last Runtime    Last Run
---------------------------------------  -----  ---------  --------  ----------  --------------  -------------------
/opt/airflow/dags/churn_pipeline_dag.py                           1           0  0.08s           2026-04-18T12:54:08
================================================================================
[2026-04-18T12:54:48.013+0000] {manager.py:879} INFO - 
================================================================================
DAG File Processing Stats

File Path                                PID    Runtime      # DAGs    # Errors  Last Runtime    Last Run
---------------------------------------  -----  ---------  --------  ----------  --------------  -------------------
/opt/airflow/dags/churn_pipeline_dag.py                           1           0  0.08s           2026-04-18T12:54:41
================================================================================
[2026-04-18T12:55:20.871+0000] {manager.py:879} INFO - 
================================================================================
DAG File Processing Stats

File Path                                PID    Runtime      # DAGs    # Errors  Last Runtime    Last Run
---------------------------------------  -----  ---------  --------  ----------  --------------  -------------------
/opt/airflow/dags/churn_pipeline_dag.py                           1           0  0.06s           2026-04-18T12:55:13
================================================================================
[2026-04-18T12:55:44.707+0000] {manager.py:879} INFO - 
================================================================================
DAG File Processing Stats

File Path                                  PID  Runtime      # DAGs    # Errors  Last Runtime    Last Run
---------------------------------------  -----  ---------  --------  ----------  --------------  -------------------
/opt/airflow/dags/churn_pipeline_dag.py    397  0.00s             1           0  0.06s           2026-04-18T12:55:13
================================================================================
[2026-04-18T12:56:03.135+0000] {manager.py:738} INFO - Searching for files in /opt/airflow/dags
[2026-04-18T12:56:03.144+0000] {manager.py:741} INFO - There are 1 files in /opt/airflow/dags
[2026-04-18T12:56:25.291+0000] {manager.py:879} INFO - 
================================================================================
DAG File Processing Stats

File Path                                PID    Runtime      # DAGs    # Errors  Last Runtime    Last Run
---------------------------------------  -----  ---------  --------  ----------  --------------  -------------------
/opt/airflow/dags/churn_pipeline_dag.py                           1           0  0.08s           2026-04-18T12:56:15
================================================================================
[2026-04-18T12:56:57.511+0000] {manager.py:879} INFO - 
================================================================================
DAG File Processing Stats

File Path                                PID    Runtime      # DAGs    # Errors  Last Runtime    Last Run
---------------------------------------  -----  ---------  --------  ----------  --------------  -------------------
/opt/airflow/dags/churn_pipeline_dag.py                           1           0  0.07s           2026-04-18T12:56:45
================================================================================
[2026-04-18T12:57:30.374+0000] {manager.py:879} INFO - 
================================================================================
DAG File Processing Stats

File Path                                PID    Runtime      # DAGs    # Errors  Last Runtime    Last Run
---------------------------------------  -----  ---------  --------  ----------  --------------  -------------------
/opt/airflow/dags/churn_pipeline_dag.py                           1           0  0.06s           2026-04-18T12:57:15
================================================================================
[2026-04-18T12:58:03.290+0000] {manager.py:879} INFO - 
================================================================================
DAG File Processing Stats

File Path                                PID    Runtime      # DAGs    # Errors  Last Runtime    Last Run
---------------------------------------  -----  ---------  --------  ----------  --------------  -------------------
/opt/airflow/dags/churn_pipeline_dag.py                           1           0  0.06s           2026-04-18T12:57:46
================================================================================
[2026-04-18T12:58:36.150+0000] {manager.py:879} INFO - 
================================================================================
DAG File Processing Stats

File Path                                PID    Runtime      # DAGs    # Errors  Last Runtime    Last Run
---------------------------------------  -----  ---------  --------  ----------  --------------  -------------------
/opt/airflow/dags/churn_pipeline_dag.py                           1           0  0.08s           2026-04-18T12:58:17
================================================================================
[2026-04-18T12:58:39.927+0000] {manager.py:451} INFO - Exiting gracefully upon receiving signal 15
