[2026-04-18T12:52:06.797+0000] {taskinstance.py:1956} INFO - Dependencies all met for dep_context=non-requeueable deps ti=<TaskInstance: churn_prediction_pipeline.train_model manual__2026-04-18T12:51:53.834388+00:00 [queued]>
[2026-04-18T12:52:06.802+0000] {taskinstance.py:1956} INFO - Dependencies all met for dep_context=requeueable deps ti=<TaskInstance: churn_prediction_pipeline.train_model manual__2026-04-18T12:51:53.834388+00:00 [queued]>
[2026-04-18T12:52:06.802+0000] {taskinstance.py:2170} INFO - Starting attempt 1 of 2
[2026-04-18T12:52:06.811+0000] {taskinstance.py:2191} INFO - Executing <Task(PythonOperator): train_model> on 2026-04-18 12:51:53.834388+00:00
[2026-04-18T12:52:06.814+0000] {standard_task_runner.py:60} INFO - Started process 250 to run task
[2026-04-18T12:52:06.816+0000] {standard_task_runner.py:87} INFO - Running: ['***', 'tasks', 'run', 'churn_prediction_pipeline', 'train_model', 'manual__2026-04-18T12:51:53.834388+00:00', '--job-id', '4', '--raw', '--subdir', 'DAGS_FOLDER/churn_pipeline_dag.py', '--cfg-path', '/tmp/tmp1_xiqsm8']
[2026-04-18T12:52:06.817+0000] {standard_task_runner.py:88} INFO - Job 4: Subtask train_model
[2026-04-18T12:52:06.845+0000] {task_command.py:423} INFO - Running <TaskInstance: churn_prediction_pipeline.train_model manual__2026-04-18T12:51:53.834388+00:00 [running]> on host 1dfe97885e66
[2026-04-18T12:52:06.887+0000] {taskinstance.py:2480} INFO - Exporting env vars: AIRFLOW_CTX_DAG_OWNER='data-science' AIRFLOW_CTX_DAG_ID='churn_prediction_pipeline' AIRFLOW_CTX_TASK_ID='train_model' AIRFLOW_CTX_EXECUTION_DATE='2026-04-18T12:51:53.834388+00:00' AIRFLOW_CTX_TRY_NUMBER='1' AIRFLOW_CTX_DAG_RUN_ID='manual__2026-04-18T12:51:53.834388+00:00'
[2026-04-18T12:52:07.474+0000] {logging_mixin.py:188} INFO - ======================================================================
[2026-04-18T12:52:07.474+0000] {logging_mixin.py:188} INFO -  TASK 2 — Entrenamiento del modelo
[2026-04-18T12:52:07.474+0000] {logging_mixin.py:188} INFO -  Input:  /opt/***/data/processed
[2026-04-18T12:52:07.475+0000] {logging_mixin.py:188} INFO -  Output: /opt/***/models
[2026-04-18T12:52:07.475+0000] {logging_mixin.py:188} INFO - ======================================================================
[2026-04-18T12:52:07.475+0000] {logging_mixin.py:188} INFO - ======================================================================
[2026-04-18T12:52:07.475+0000] {logging_mixin.py:188} INFO -  PASO 2 — ENTRENAMIENTO DEL MODELO
[2026-04-18T12:52:07.475+0000] {logging_mixin.py:188} INFO - ======================================================================
[2026-04-18T12:52:07.475+0000] {logging_mixin.py:188} INFO - [TRAIN] Cargando datos desde: /opt/***/data/processed
[2026-04-18T12:52:08.012+0000] {logging_mixin.py:188} INFO - [TRAIN] Train: (70040, 87)  |  Val: (14960, 87)
[2026-04-18T12:52:08.012+0000] {logging_mixin.py:188} INFO - [TRAIN] Entrenando XGBoost con hiperparámetros por defecto...
[2026-04-18T12:52:11.109+0000] {logging_mixin.py:188} INFO - [TRAIN] Entrenamiento completado en 3.1s
[2026-04-18T12:52:11.145+0000] {logging_mixin.py:188} INFO - 
[TRAIN] Evaluación en VALIDATION SET (sanity check):
[2026-04-18T12:52:11.146+0000] {logging_mixin.py:188} INFO -   val_auc_roc          = 0.6913
[2026-04-18T12:52:11.146+0000] {logging_mixin.py:188} INFO -   val_f1               = 0.6376
[2026-04-18T12:52:11.146+0000] {logging_mixin.py:188} INFO -   val_recall           = 0.6434
[2026-04-18T12:52:11.147+0000] {logging_mixin.py:188} INFO -   val_precision        = 0.6319
[2026-04-18T12:52:11.161+0000] {logging_mixin.py:188} INFO - 
[TRAIN] Modelo guardado en: /opt/***/models/churn_model.pkl (1.12 MB)
[2026-04-18T12:52:11.161+0000] {logging_mixin.py:188} INFO - 
[TRAIN] ✅ Entrenamiento completado exitosamente.
[2026-04-18T12:52:11.163+0000] {logging_mixin.py:188} INFO - [DAG] Modelo guardado: /opt/***/models/churn_model.pkl (1.12 MB)
[2026-04-18T12:52:11.163+0000] {logging_mixin.py:188} INFO - [DAG] ✅ Task 2 completada. Modelo verificado.
[2026-04-18T12:52:11.163+0000] {python.py:201} INFO - Done. Returned value was: None
[2026-04-18T12:52:11.169+0000] {taskinstance.py:1138} INFO - Marking task as SUCCESS. dag_id=churn_prediction_pipeline, task_id=train_model, execution_date=20260418T125153, start_date=20260418T125206, end_date=20260418T125211
[2026-04-18T12:52:11.196+0000] {local_task_job_runner.py:234} INFO - Task exited with return code 0
[2026-04-18T12:52:11.207+0000] {taskinstance.py:3280} INFO - 1 downstream tasks scheduled from follow-on schedule check
